// Jest Snapshot v1, https://goo.gl/fbAQLP

exports[`<UserItem /> should match the snapshot 1`] = `
.c0 {
  display: -webkit-box;
  display: -webkit-flex;
  display: -ms-flexbox;
  display: flex;
  -webkit-align-items: center;
  -webkit-box-align: center;
  -ms-flex-align: center;
  align-items: center;
  padding: 0 1rem;
  min-height: 2.75rem;
  font-weight: 500;
}

.c1 {
  -webkit-flex: 1;
  -ms-flex: 1;
  flex: 1;
  padding: 0.625rem 0;
}

<div
  class="c0"
>
  <div
    class="c1"
  >
    test
  </div>
</div>
`;
