// Jest Snapshot v1, https://goo.gl/fbAQLP

exports[`<Masthead /> should render and match the snapshot 1`] = `
<ForwardRef(Masthead__Wrapper)>
  <Logos />
  <ForwardRef(Title)>
    This is a test page
  </ForwardRef(Title)>
  <ForwardRef(Lead)>
    The best test page ever
  </ForwardRef(Lead)>
</ForwardRef(Masthead__Wrapper)>
`;
